[debug] [2026-07-25T14:07:49.263Z] : 
[debug] [2026-07-25T14:07:49.265Z] : ----------------------------------------------------------------------
[debug] [2026-07-25T14:07:49.265Z] : Command:      C:\Program Files\nodejs\node.exe C:\Users\smith\AppData\Roaming\npm\node_modules\zcatalyst-cli\lib\bin\catalyst.js client:setup
[debug] [2026-07-25T14:07:49.266Z] : CLI Version:  1.27.0
[debug] [2026-07-25T14:07:49.266Z] : Platform:     win32
[debug] [2026-07-25T14:07:49.266Z] : Node Version: v24.16.0
[debug] [2026-07-25T14:07:49.266Z] : Time:         Sat Jul 25 2026 19:37:49 GMT+0530 (India Standard Time)
[debug] [2026-07-25T14:07:49.267Z] : ----------------------------------------------------------------------
[debug] [2026-07-25T14:07:49.267Z] : 
[debug] [2026-07-25T14:07:51.861Z] : > authorizing via signed-in user option
[debug] [2026-07-25T14:07:51.862Z] : > command requires scopes: ["ZohoCatalyst.projects.ALL","ZohoCatalyst.webapp.ALL"]
[debug] [2026-07-25T14:07:52.035Z] : >>>> HTTP REQUEST : GET https://api.catalyst.zoho.in/baas/v1/project/45920000000013048 

[debug] [2026-07-25T14:07:52.462Z] : <<<< HTTP RESPONSE : 200
Response Headers: {"server":"ZGS","date":"Sat, 25 Jul 2026 14:07:52 GMT","content-type":"application/vnd.catalyst.v2+json","transfer-encoding":"chunked","connection":"keep-alive","x-content-type-options":"nosniff","cache-control":"private,no-cache,no-store,max-age=0,must-revalidate","pragma":"no-cache","expires":"Thu, 01 Jan 1970 00:00:00 GMT","x-frame-options":"DENY","strict-transport-security":"max-age=64072000; includeSubDomains; preload"}

[debug] [2026-07-25T14:07:52.471Z] : >>>> HTTP REQUEST : GET https://api.catalyst.zoho.in/baas/v1/project/45920000000013048/environment 

[debug] [2026-07-25T14:07:52.552Z] : <<<< HTTP RESPONSE : 200
Response Headers: {"server":"ZGS","date":"Sat, 25 Jul 2026 14:07:52 GMT","content-type":"application/vnd.catalyst.v2+json","transfer-encoding":"chunked","connection":"keep-alive","x-content-type-options":"nosniff","cache-control":"private,no-cache,no-store,max-age=0,must-revalidate","pragma":"no-cache","expires":"Thu, 01 Jan 1970 00:00:00 GMT","x-frame-options":"DENY","strict-transport-security":"max-age=64072000; includeSubDomains; preload"}

[debug] [2026-07-25T14:09:18.607Z] : 
[debug] [2026-07-25T14:09:18.609Z] : ----------------------------------------------------------------------
[debug] [2026-07-25T14:09:18.609Z] : Command:      C:\Program Files\nodejs\node.exe C:\Users\smith\AppData\Roaming\npm\node_modules\zcatalyst-cli\lib\bin\catalyst.js init client
[debug] [2026-07-25T14:09:18.609Z] : CLI Version:  1.27.0
[debug] [2026-07-25T14:09:18.609Z] : Platform:     win32
[debug] [2026-07-25T14:09:18.609Z] : Node Version: v24.16.0
[debug] [2026-07-25T14:09:18.610Z] : Time:         Sat Jul 25 2026 19:39:18 GMT+0530 (India Standard Time)
[debug] [2026-07-25T14:09:18.610Z] : ----------------------------------------------------------------------
[debug] [2026-07-25T14:09:18.610Z] : 
[debug] [2026-07-25T14:09:21.393Z] : > authorizing via signed-in user option
[debug] [2026-07-25T14:09:21.394Z] : > command requires scopes: ["ZohoCatalyst.projects.ALL","ZohoCatalyst.projects.ALL","ZohoCatalyst.project.import.CREATE"]
[debug] [2026-07-25T14:09:21.570Z] : >>>> HTTP REQUEST : GET https://api.catalyst.zoho.in/baas/v1/project/45920000000013048 

[debug] [2026-07-25T14:09:21.945Z] : <<<< HTTP RESPONSE : 200
Response Headers: {"server":"ZGS","date":"Sat, 25 Jul 2026 14:09:22 GMT","content-type":"application/vnd.catalyst.v2+json","transfer-encoding":"chunked","connection":"keep-alive","x-content-type-options":"nosniff","cache-control":"private,no-cache,no-store,max-age=0,must-revalidate","pragma":"no-cache","expires":"Thu, 01 Jan 1970 00:00:00 GMT","x-frame-options":"DENY","strict-transport-security":"max-age=64072000; includeSubDomains; preload"}

[debug] [2026-07-25T14:09:21.951Z] : >>>> HTTP REQUEST : GET https://api.catalyst.zoho.in/baas/v1/project/45920000000013048/environment 

[debug] [2026-07-25T14:09:22.039Z] : <<<< HTTP RESPONSE : 200
Response Headers: {"server":"ZGS","date":"Sat, 25 Jul 2026 14:09:22 GMT","content-type":"application/vnd.catalyst.v2+json","transfer-encoding":"chunked","connection":"keep-alive","x-content-type-options":"nosniff","cache-control":"private,no-cache,no-store,max-age=0,must-revalidate","pragma":"no-cache","expires":"Thu, 01 Jan 1970 00:00:00 GMT","x-frame-options":"DENY","strict-transport-security":"max-age=64072000; includeSubDomains; preload"}

[info] [2026-07-25T14:09:22.058Z] : 
      ___  
      \  \     ____           _             _                 _   
   ___ \  \   / ___|   __ _  | |_    __ _  | |  _   _   ___  | |_ 
  /  / /  /  | |      / _` | | __|  / _` | | | | | | | / __| | __|
 /  / /__/   | |___  | (_| | | |_  | (_| | | | | |_| | \__ \ | |_ 
 \  \         \____|  \__,_|  \__|  \__,_| |_|  \__, | |___/  \__|
  \__\                                          |___/       

You're about to initialize a Catalyst project in this directory:

  C:\Users\smith\Downloads\crimemind-ai (1)\crimemind-ai

Before we get started, keep in mind:

  * You are initializing in an existing Catalyst project directory
[info] [2026-07-25T14:09:22.192Z] : 
[info] [2026-07-25T14:09:22.193Z] : i .catalystrc already has CrimeMindAI as a default project. To overwrite use --force option
[info] [2026-07-25T14:09:22.251Z] : 
[info] [2026-07-25T14:09:22.269Z] : ===> Client Setup
